// Jest Snapshot v1, https://goo.gl/fbAQLP

exports[`Renders correctly 1`] = `
<DocumentFragment>
  <footer>
    Designed and built by Tom Giddings using React. 
    <a
      href="https://github.com/tomgiddings/tomgiddings"
    >
      View the code on Github
    </a>
    .
  </footer>
</DocumentFragment>
`;
