// Jest Snapshot v1, https://goo.gl/fbAQLP

exports[`Renders correctly 1`] = `
<DocumentFragment>
  <section>
    <div
      class="loading"
    >
      <i
        class="fas fa-spinner fa-spin"
      />
      Loading...
    </div>
    <ul
      class="cards"
    />
  </section>
</DocumentFragment>
`;
